[op9.baminssa.com/index.html]
[backblue.gif]
[fade.gif]
[index.html]
[op9.baminssa.com/project/bs/images/favicon3860.png]
[op9.baminssa.com/project/bs/images/favicon3860.ico]
[cdnjs.cloudflare.com/ajax/libs/font-awesome/5.15.2/css/all.min.css]
[op9.baminssa.com/css/global5de1.css]
[op9.baminssa.com/project/bs/css/app3bf3.css]
[op9.baminssa.com/project/bs/css/service3bf3.css]
[op9.baminssa.com/js/global5de1.js]
[op9.baminssa.com/project/bs/js/app5de1.js]
[op9.baminssa.com/project/bs/js/service5de1.js]
[op9.baminssa.com/storage/org/202104/8s7fbs2mMeKg5WCeSHNrGmvd5ud3e5.png]
[op9.baminssa.com/auth/login.html]
[op9.baminssa.com/auth/register.html]
[op9.baminssa.com/store/category/op7610.html]
[op9.baminssa.com/store/category/op83d3.html]
[op9.baminssa.com/store/category/op8498.html]
[op9.baminssa.com/store/category/op1b1b.html]
[op9.baminssa.com/store/category/op7ecc.html]
[op9.baminssa.com/store/category/ope387.html]
[op9.baminssa.com/store/category/op5301.html]
[op9.baminssa.com/store/category/opaf2f.html]
[op9.baminssa.com/store/category/ope4cf.html]
[op9.baminssa.com/store/category/op7419.html]
[op9.baminssa.com/store/category/op892b.html]
[op9.baminssa.com/store/category/opa751.html]
[op9.baminssa.com/store/category/opfba4.html]
[op9.baminssa.com/store/category/opccba.html]
[op9.baminssa.com/store/category/op9f22.html]
[op9.baminssa.com/store/category/op2175.html]
[op9.baminssa.com/store/category/opdde6.html]
[op9.baminssa.com/store/category/op048d.html]
[op9.baminssa.com/store/category/opc2f8.html]
[op9.baminssa.com/store/category/op0af9.html]
[op9.baminssa.com/store/category/op03ad.html]
[op9.baminssa.com/store/category/op876d.html]
[op9.baminssa.com/store/category/op8698.html]
[op9.baminssa.com/store/category/op8bc1.html]
[op9.baminssa.com/store/category/op3e38.html]
[op9.baminssa.com/store/category/op9060.html]
[op9.baminssa.com/store/category/op57f7.html]
[op9.baminssa.com/store/category/ope012.html]
[op9.baminssa.com/store/category/opc97b.html]
[op9.baminssa.com/store/category/opf334.html]
[op9.baminssa.com/store/category/opfbdc.html]
[op9.baminssa.com/store/category/opffa2.html]
[op9.baminssa.com/store/category/opc0d2.html]
[op9.baminssa.com/store/category/opc9f4.html]
[op9.baminssa.com/store/category/op6f9d.html]
[op9.baminssa.com/store/category/op6e46.html]
[op9.baminssa.com/store/category/opd485.html]
[op9.baminssa.com/store/category/op3922.html]
[op9.baminssa.com/store/category/op0a4d.html]
[op9.baminssa.com/store/category/op2c68.html]
[op9.baminssa.com/store/category/op4f4b.html]
[op9.baminssa.com/store/category/op624c.html]
[op9.baminssa.com/store/category/op62d5.html]
[op9.baminssa.com/store/category/opddd0.html]
[op9.baminssa.com/store/category/ope40f.html]
[op9.baminssa.com/store/category/ope396.html]
[op9.baminssa.com/store/category/op6bff.html]
[op9.baminssa.com/store/category/op7fe1.html]
[op9.baminssa.com/store/category/opc17a.html]
[op9.baminssa.com/store/category/opfccf.html]
[op9.baminssa.com/store/category/op4fa6.html]
[op9.baminssa.com/store/category/opdb6d.html]
[op9.baminssa.com/store/category/op248d.html]
[op9.baminssa.com/store/category/opf468.html]
[op9.baminssa.com/store/category/op572e.html]
[op9.baminssa.com/store/category/op669b.html]
[op9.baminssa.com/store/category/op852a.html]
[op9.baminssa.com/store/category/op1863.html]
[op9.baminssa.com/store/category/op6794.html]
[op9.baminssa.com/store/category/op8d66.html]
[op9.baminssa.com/store/category/opa61c.html]
[op9.baminssa.com/store/category/opd3e3.html]
[op9.baminssa.com/store/category/op8553.html]
[op9.baminssa.com/store/category/opab66.html]
[op9.baminssa.com/store/category/op5a88.html]
[op9.baminssa.com/store/category/opec30.html]
[op9.baminssa.com/store/category/op315d.html]
[op9.baminssa.com/store/category/opf009.html]
[op9.baminssa.com/store/category/op2fe6.html]
[op9.baminssa.com/store/category/opc517.html]
[op9.baminssa.com/store/category/tel7610.html]
[op9.baminssa.com/store/category/tel8180.html]
[op9.baminssa.com/store/category/tel8498.html]
[op9.baminssa.com/store/category/tel1b1b.html]
[op9.baminssa.com/store/category/tel7ecc.html]
[op9.baminssa.com/store/category/tele387.html]
[op9.baminssa.com/store/category/tel803f.html]
[op9.baminssa.com/store/category/teld040.html]
[op9.baminssa.com/store/category/tel5301.html]
[op9.baminssa.com/store/category/telaf2f.html]
[op9.baminssa.com/store/category/tele4cf.html]
[op9.baminssa.com/store/category/tele3af.html]
[op9.baminssa.com/store/category/tel0ccc.html]
[op9.baminssa.com/store/category/tel892b.html]
[op9.baminssa.com/store/category/telb53b.html]
[op9.baminssa.com/store/category/tel2908.html]
[op9.baminssa.com/store/category/tela751.html]
[op9.baminssa.com/store/category/telfc18.html]
[op9.baminssa.com/store/category/tele7ed.html]
[op9.baminssa.com/store/category/telfba4.html]
[op9.baminssa.com/store/category/tel9f74.html]
[op9.baminssa.com/store/category/telccba.html]
[op9.baminssa.com/store/category/tel9f22.html]
[op9.baminssa.com/store/category/tel2175.html]
[op9.baminssa.com/store/category/tel747e.html]
[op9.baminssa.com/store/category/teldde6.html]
[op9.baminssa.com/store/category/telc2f8.html]
[op9.baminssa.com/store/category/tel28eb.html]
[op9.baminssa.com/store/category/tel03ad.html]
[op9.baminssa.com/store/category/tel876d.html]
[op9.baminssa.com/store/category/tel8698.html]
[op9.baminssa.com/store/category/tel2cf9.html]
[op9.baminssa.com/store/category/tel8bc1.html]
[op9.baminssa.com/store/category/tel3e38.html]
[op9.baminssa.com/store/category/telbe61.html]
[op9.baminssa.com/store/category/tel2bb0.html]
[op9.baminssa.com/store/category/tel9060.html]
[op9.baminssa.com/store/category/tel98ae.html]
[op9.baminssa.com/store/category/tel57f7.html]
[op9.baminssa.com/store/category/tel4200.html]
[op9.baminssa.com/store/category/teld485.html]
[op9.baminssa.com/store/category/tel2c68.html]
[op9.baminssa.com/store/category/tel7fe1.html]
[op9.baminssa.com/store/category/telc17a.html]
[op9.baminssa.com/store/category/telfccf.html]
[op9.baminssa.com/store/category/tel572e.html]
[op9.baminssa.com/store/category/tel6794.html]
[op9.baminssa.com/store/category/tel8d66.html]
[op9.baminssa.com/store/category/tel8258.html]
[op9.baminssa.com/store/category/tele037.html]
[op9.baminssa.com/store/category/teld8ec.html]
[op9.baminssa.com/store/category/tel8553.html]
[op9.baminssa.com/store/category/telb5c5.html]
[op9.baminssa.com/store/category/telab66.html]
[op9.baminssa.com/store/category/tel5a88.html]
[op9.baminssa.com/store/category/telaac9.html]
[op9.baminssa.com/store/category/telf009.html]
[op9.baminssa.com/store/category/telf407.html]
[op9.baminssa.com/store/category/telbbc1.html]
[op9.baminssa.com/store/category/gunma7610.html]
[op9.baminssa.com/store/category/gunma83d3.html]
[op9.baminssa.com/store/category/gunma8180.html]
[op9.baminssa.com/store/category/gunma8498.html]
[op9.baminssa.com/store/category/gunma1b1b.html]
[op9.baminssa.com/store/category/gunma7ecc.html]
[op9.baminssa.com/store/category/gunmae387.html]
[op9.baminssa.com/store/category/gunma803f.html]
[op9.baminssa.com/store/category/gunmad040.html]
[op9.baminssa.com/store/category/gunma5301.html]
[op9.baminssa.com/store/category/gunmae4cf.html]
[op9.baminssa.com/store/category/gunma8789.html]
[op9.baminssa.com/store/category/gunma7419.html]
[op9.baminssa.com/store/category/gunma019f.html]
[op9.baminssa.com/store/category/gunmaeeca.html]
[op9.baminssa.com/store/category/gunma0ccc.html]
[op9.baminssa.com/store/category/gunmaa395.html]
[op9.baminssa.com/store/category/gunma892b.html]
[op9.baminssa.com/store/category/gunmaf567.html]
[op9.baminssa.com/store/category/gunmab53b.html]
[op9.baminssa.com/store/category/gunma47ba.html]
[op9.baminssa.com/store/category/gunma2908.html]
[op9.baminssa.com/store/category/gunmaa751.html]
[op9.baminssa.com/store/category/gunmafc18.html]
[op9.baminssa.com/store/category/gunmae7ed.html]
[op9.baminssa.com/store/category/gunmab765.html]
[op9.baminssa.com/store/category/gunma9d56.html]
[op9.baminssa.com/store/category/gunmafba4.html]
[op9.baminssa.com/store/category/gunma9f74.html]
[op9.baminssa.com/store/category/gunmaccba.html]
[op9.baminssa.com/store/category/gunma9f22.html]
[op9.baminssa.com/store/category/gunma2175.html]
[op9.baminssa.com/store/category/gunma747e.html]
[op9.baminssa.com/store/category/gunmadde6.html]
[op9.baminssa.com/store/category/gunma477d.html]
[op9.baminssa.com/store/category/gunma048d.html]
[op9.baminssa.com/store/category/gunmac2f8.html]
[op9.baminssa.com/store/category/gunma28eb.html]
[op9.baminssa.com/store/category/gunma0af9.html]
[op9.baminssa.com/store/category/gunma03ad.html]
[op9.baminssa.com/store/category/gunma876d.html]
[op9.baminssa.com/store/category/gunma8698.html]
[op9.baminssa.com/store/category/gunma2cf9.html]
[op9.baminssa.com/store/category/gunma8bc1.html]
[op9.baminssa.com/store/category/gunma087f.html]
[op9.baminssa.com/store/category/gunma3e38.html]
[op9.baminssa.com/store/category/gunmabe61.html]
[op9.baminssa.com/store/category/gunma2bb0.html]
[op9.baminssa.com/store/category/gunma9060.html]
[op9.baminssa.com/store/category/gunma98ae.html]
[op9.baminssa.com/store/category/gunma57f7.html]
[op9.baminssa.com/store/category/gunma4200.html]
[op9.baminssa.com/store/category/gunmafeb7.html]
[op9.baminssa.com/store/category/gunmaf334.html]
[op9.baminssa.com/store/category/gunmaffa2.html]
[op9.baminssa.com/store/category/gunma6f9d.html]
[op9.baminssa.com/store/category/gunma034d.html]
[op9.baminssa.com/store/category/gunmaa79e.html]
[op9.baminssa.com/store/category/gunma2c68.html]
[op9.baminssa.com/store/category/gunma44a1.html]
[op9.baminssa.com/store/category/gunma62d5.html]
[op9.baminssa.com/store/category/gunmaddd0.html]
[op9.baminssa.com/store/category/gunmae40f.html]
[op9.baminssa.com/store/category/gunma6bff.html]
[op9.baminssa.com/store/category/gunma7fe1.html]
[op9.baminssa.com/store/category/gunma4fa6.html]
[op9.baminssa.com/store/category/gunma248d.html]
[op9.baminssa.com/store/category/gunma572e.html]
[op9.baminssa.com/store/category/gunma669b.html]
[op9.baminssa.com/store/category/gunma852a.html]
[op9.baminssa.com/store/category/gunma9b11.html]
[op9.baminssa.com/store/category/gunma6794.html]
[op9.baminssa.com/store/category/gunma8d66.html]
[op9.baminssa.com/store/category/gunmad3e3.html]
[op9.baminssa.com/store/category/gunmad8ec.html]
[op9.baminssa.com/store/category/gunma8553.html]
[op9.baminssa.com/store/category/gunma0206.html]
[op9.baminssa.com/store/category/gunma5a88.html]
[op9.baminssa.com/store/category/gunmaec30.html]
[op9.baminssa.com/store/category/gunmaf009.html]
[op9.baminssa.com/store/category/gunmac517.html]
[op9.baminssa.com/store/category/gunmabbc1.html]
[op9.baminssa.com/store/category/bar7610.html]
[op9.baminssa.com/store/category/bar83d3.html]
[op9.baminssa.com/store/category/bar8498.html]
[op9.baminssa.com/store/category/bar1b1b.html]
[op9.baminssa.com/store/category/bar7ecc.html]
[op9.baminssa.com/store/category/bar803f.html]
[op9.baminssa.com/store/category/bar0ccc.html]
[op9.baminssa.com/store/category/bar50ba.html]
[op9.baminssa.com/store/category/bara751.html]
[op9.baminssa.com/store/category/barb765.html]
[op9.baminssa.com/store/category/barccba.html]
[op9.baminssa.com/store/category/bar9f22.html]
[op9.baminssa.com/store/category/bar2175.html]
[op9.baminssa.com/store/category/bardde6.html]
[op9.baminssa.com/store/category/bar048d.html]
[op9.baminssa.com/store/category/barc2f8.html]
[op9.baminssa.com/store/category/bar8698.html]
[op9.baminssa.com/store/category/bar8bc1.html]
[op9.baminssa.com/store/category/bar3e38.html]
[op9.baminssa.com/store/category/barf334.html]
[op9.baminssa.com/store/category/barc0d2.html]
[op9.baminssa.com/store/category/bar6f9d.html]
[op9.baminssa.com/store/category/barfccf.html]
[op9.baminssa.com/store/category/bar8553.html]
[op9.baminssa.com/store/category/barf009.html]
[op9.baminssa.com/store/category/masa7610.html]
[op9.baminssa.com/store/category/masa83d3.html]
[op9.baminssa.com/store/category/masa8498.html]
[op9.baminssa.com/store/category/masae387.html]
[op9.baminssa.com/store/category/masa5301.html]
[op9.baminssa.com/store/category/masaaf2f.html]
[op9.baminssa.com/store/category/masae4cf.html]
[op9.baminssa.com/store/category/masa8789.html]
[op9.baminssa.com/store/category/masa7419.html]
[op9.baminssa.com/store/category/masa0ccc.html]
[op9.baminssa.com/store/category/masa892b.html]
[op9.baminssa.com/store/category/masab53b.html]
[op9.baminssa.com/store/category/masafc18.html]
[op9.baminssa.com/store/category/masab765.html]
[op9.baminssa.com/store/category/masaccba.html]
[op9.baminssa.com/store/category/masa9f22.html]
[op9.baminssa.com/store/category/masa2175.html]
[op9.baminssa.com/store/category/masa747e.html]
[op9.baminssa.com/store/category/masadde6.html]
[op9.baminssa.com/store/category/masa048d.html]
[op9.baminssa.com/store/category/masa2cf9.html]
[op9.baminssa.com/store/category/masa3922.html]
[op9.baminssa.com/store/category/masae40f.html]
[op9.baminssa.com/store/category/masafccf.html]
[op9.baminssa.com/store/category/masa8d66.html]
[op9.baminssa.com/store/category/masad8ec.html]
[op9.baminssa.com/store/category/etc7610.html]
[op9.baminssa.com/store/category/etc8180.html]
[op9.baminssa.com/store/category/etc1b1b.html]
[op9.baminssa.com/store/category/etce387.html]
[op9.baminssa.com/store/category/etc803f.html]
[op9.baminssa.com/store/category/etcaf2f.html]
[op9.baminssa.com/store/category/etc7419.html]
[op9.baminssa.com/store/category/etceeca.html]
[op9.baminssa.com/store/category/etca751.html]
[op9.baminssa.com/store/category/etcfba4.html]
[op9.baminssa.com/store/category/etcccba.html]
[op9.baminssa.com/store/category/etc9f22.html]
[op9.baminssa.com/store/category/etcdde6.html]
[op9.baminssa.com/store/category/etc2bb0.html]
[op9.baminssa.com/store/category/etc9060.html]
[op9.baminssa.com/store/category/etc6bff.html]
[op9.baminssa.com/store/category/etc6794.html]
[op9.baminssa.com/store/category/etc5a88.html]
[op9.baminssa.com/board/category/review4ba6.html]
[op9.baminssa.com/board/category/review0a49.html]
[op9.baminssa.com/board/category/review7a76.html]
[op9.baminssa.com/board/category/review9c2e.html]
[op9.baminssa.com/board/category/review995b.html]
[op9.baminssa.com/board/category/reviewd562.html]
[op9.baminssa.com/board/category/review2167.html]
[op9.baminssa.com/board/category/reviewb6f3.html]
[op9.baminssa.com/board/category/review3830.html]
[op9.baminssa.com/board/category/review1c6e.html]
[op9.baminssa.com/board/category/review7081.html]
[op9.baminssa.com/board/category/review61a3.html]
[op9.baminssa.com/board/category/review6944.html]
[op9.baminssa.com/board/category/reviewb330.html]
[op9.baminssa.com/board/category/review0b66.html]
[op9.baminssa.com/board/category/reviewc22a.html]
[op9.baminssa.com/board/category/review3b82.html]
[op9.baminssa.com/board/category/review5de6.html]
[op9.baminssa.com/board/category/reviewdf92.html]
[op9.baminssa.com/board/category/reviewb676.html]
[op9.baminssa.com/board/category/reviewa623.html]
[op9.baminssa.com/board/category/reviewb788.html]
[op9.baminssa.com/board/category/review3788.html]
[op9.baminssa.com/board/category/review3e54.html]
[op9.baminssa.com/board/category/review720b.html]
[op9.baminssa.com/board/category/review13dc.html]
[op9.baminssa.com/board/category/reviewc94c.html]
[op9.baminssa.com/board/category/review2450.html]
[op9.baminssa.com/board/category/review7837.html]
[op9.baminssa.com/board/category/review90ea.html]
[op9.baminssa.com/board/category/review16ef.html]
[op9.baminssa.com/board/category/reviewf200.html]
[op9.baminssa.com/board/category/review44af.html]
[op9.baminssa.com/board/category/review6b33.html]
[op9.baminssa.com/board/category/review77cf.html]
[op9.baminssa.com/board/category/reviewa75f.html]
[op9.baminssa.com/board/category/reviewe6cd.html]
[op9.baminssa.com/board/category/review5cd3.html]
[op9.baminssa.com/board/category/review5cc5.html]
[op9.baminssa.com/board/category/review059e.html]
[op9.baminssa.com/board/category/review733f.html]
[op9.baminssa.com/board/category/review03c5.html]
[op9.baminssa.com/board/category/review85dc.html]
[op9.baminssa.com/board/category/review88be.html]
[op9.baminssa.com/board/category/revieweeeb.html]
[op9.baminssa.com/board/category/reviewbe44.html]
[op9.baminssa.com/board/category/review9da4.html]
[op9.baminssa.com/board/category/reviewdc4e.html]
[op9.baminssa.com/board/category/review5eec.html]
[op9.baminssa.com/board/category/reviewa9ae.html]
[op9.baminssa.com/board/category/review8037.html]
[op9.baminssa.com/board/category/review8e72.html]
[op9.baminssa.com/board/category/review5f6d.html]
[op9.baminssa.com/board/category/review87cb.html]
[op9.baminssa.com/board/category/reviewff05.html]
[op9.baminssa.com/board/category/review4480.html]
[op9.baminssa.com/board/category/review0ef1.html]
[op9.baminssa.com/board/category/reviewa715.html]
[op9.baminssa.com/board/category/review3940.html]
[op9.baminssa.com/board/category/reviewa02a.html]
[op9.baminssa.com/board/category/review9806.html]
[op9.baminssa.com/board/category/reviewdf13.html]
[op9.baminssa.com/board/category/review397c.html]
[op9.baminssa.com/board/category/review9a64.html]
[op9.baminssa.com/board/category/review28de.html]
[op9.baminssa.com/board/category/review4be6.html]
[op9.baminssa.com/board/category/review4314.html]
[op9.baminssa.com/board/category/reviewe291.html]
[op9.baminssa.com/board/category/reviewb9dd.html]
[op9.baminssa.com/board/category/review408b.html]
[op9.baminssa.com/board/category/reviewdbea.html]
[op9.baminssa.com/board/category/review160f.html]
[op9.baminssa.com/board/category/review1d81.html]
[op9.baminssa.com/board/category/review9051.html]
[op9.baminssa.com/board/category/reviewf49a.html]
[op9.baminssa.com/board/category/reviewdf18.html]
[op9.baminssa.com/board/category/reviewa448.html]
[op9.baminssa.com/board/category/review4430.html]
[op9.baminssa.com/board/category/reviewcdc2.html]
[op9.baminssa.com/board/category/review2000.html]
[op9.baminssa.com/board/category/review1828.html]
[op9.baminssa.com/board/category/review3b1f.html]
[op9.baminssa.com/board/category/reviewb00d.html]
[op9.baminssa.com/board/category/review73b3.html]
[op9.baminssa.com/board/category/reviewb5be.html]
[op9.baminssa.com/board/category/review6cef.html]
[op9.baminssa.com/board/category/review78f3.html]
[op9.baminssa.com/board/category/reviewfcbe.html]
[op9.baminssa.com/board/category/review7365.html]
[op9.baminssa.com/board/category/review8077.html]
[op9.baminssa.com/board/category/review77b5.html]
[op9.baminssa.com/board/category/reviewb0c2.html]
[op9.baminssa.com/board/category/reviewc901.html]
[op9.baminssa.com/board/category/review7c07.html]
[op9.baminssa.com/board/category/reviewa76d.html]
[op9.baminssa.com/board/category/reviewd820.html]
[op9.baminssa.com/board/category/reviewae16.html]
[op9.baminssa.com/board/category/review590b.html]
[op9.baminssa.com/board/category/review8203.html]
[op9.baminssa.com/board/category/review4875.html]
[op9.baminssa.com/board/category/reviewec2d.html]
[op9.baminssa.com/board/category/review8ae2.html]
[op9.baminssa.com/board/category/review06be.html]
[op9.baminssa.com/board/category/reviewd24d.html]
[op9.baminssa.com/board/category/review66f0.html]
[op9.baminssa.com/board/category/reviewef43.html]
[op9.baminssa.com/board/category/reviewf648.html]
[op9.baminssa.com/board/category/review1e8d.html]
[op9.baminssa.com/board/category/reviewf656.html]
[op9.baminssa.com/board/category/reviewfbbb.html]
[op9.baminssa.com/board/category/review2d5b.html]
[op9.baminssa.com/board/category/review6bae.html]
[op9.baminssa.com/board/category/revieweb90.html]
[op9.baminssa.com/board/category/reviewa27f.html]
[op9.baminssa.com/board/category/review87aa.html]
[op9.baminssa.com/board/category/reviewb41f.html]
[op9.baminssa.com/board/category/review98b9.html]
[op9.baminssa.com/board/category/review4927.html]
[op9.baminssa.com/board/category/review73df.html]
[op9.baminssa.com/board/category/reviewb71a.html]
[op9.baminssa.com/board/category/reviewd705.html]
[op9.baminssa.com/board/category/reviewa4bc.html]
[op9.baminssa.com/board/category/review0b8f.html]
[op9.baminssa.com/board/category/reviewede6.html]
[op9.baminssa.com/board/category/review1e6a.html]
[op9.baminssa.com/board/category/reviewf602.html]
[op9.baminssa.com/board/category/reviewdc59.html]
[op9.baminssa.com/board/category/reviewfe5f.html]
[op9.baminssa.com/board/category/review02cd.html]
[op9.baminssa.com/board/category/review5370.html]
[op9.baminssa.com/board/category/review5a27.html]
[op9.baminssa.com/board/category/reviewd6b1.html]
[op9.baminssa.com/board/category/review525a.html]
[op9.baminssa.com/board/category/review2fe4.html]
[op9.baminssa.com/board/category/review5209.html]
[op9.baminssa.com/board/category/reviewc106.html]
[op9.baminssa.com/board/category/review55ec.html]
[op9.baminssa.com/board/category/reviewc518.html]
[op9.baminssa.com/board/category/review372d.html]
[op9.baminssa.com/board/category/review9f29.html]
[op9.baminssa.com/board/category/review06e8.html]
[op9.baminssa.com/board/category/review63a0.html]
[op9.baminssa.com/board/category/review5560.html]
[op9.baminssa.com/board/category/reviewa7ea.html]
[op9.baminssa.com/board/category/reviewfd6c.html]
[op9.baminssa.com/board/category/reviewbebd.html]
[op9.baminssa.com/board/category/review58b1.html]
[op9.baminssa.com/board/category/review13ce.html]
[op9.baminssa.com/board/category/reviewf5ff.html]
[op9.baminssa.com/board/category/review9d4e.html]
[op9.baminssa.com/board/category/review1ed6.html]
[op9.baminssa.com/board/category/reviewe887.html]
[op9.baminssa.com/board/category/review4072.html]
[op9.baminssa.com/board/category/reviewf6b1.html]
[op9.baminssa.com/board/category/review4128.html]
[op9.baminssa.com/board/category/reviewcca1.html]
[op9.baminssa.com/board/category/reviewf6bf.html]
[op9.baminssa.com/board/category/review5e0a.html]
[op9.baminssa.com/board/category/reviewda38.html]
[op9.baminssa.com/board/category/review5d33.html]
[op9.baminssa.com/board/category/reviewdaab.html]
[op9.baminssa.com/board/category/reviewd06f.html]
[op9.baminssa.com/board/category/review20c3.html]
[op9.baminssa.com/board/category/review9a16.html]
[op9.baminssa.com/board/category/review1203.html]
[op9.baminssa.com/board/category/review3ef1.html]
[op9.baminssa.com/board/category/review0888.html]
[op9.baminssa.com/board/category/reviewee77.html]
[op9.baminssa.com/board/category/reviewbc1b.html]
[op9.baminssa.com/board/category/reviewb68e.html]
[op9.baminssa.com/board/category/reviewba6a.html]
[op9.baminssa.com/board/category/reviewd450.html]
[op9.baminssa.com/board/category/review8d74.html]
[op9.baminssa.com/board/category/reviewec08.html]
[op9.baminssa.com/board/category/reviewd5bd.html]
[op9.baminssa.com/board/category/review9ecc.html]
[op9.baminssa.com/board/category/reviewcb5d.html]
[op9.baminssa.com/board/category/reviewa52e.html]
[op9.baminssa.com/board/category/reviewe2b2.html]
[op9.baminssa.com/board/category/review8658.html]
[op9.baminssa.com/board/category/review162f.html]
[op9.baminssa.com/board/category/review8030.html]
[op9.baminssa.com/board/category/reviewb75e.html]
[op9.baminssa.com/board/category/review2c57.html]
[op9.baminssa.com/board/category/review4768.html]
[op9.baminssa.com/board/category/review936f.html]
[op9.baminssa.com/board/category/reviewd8de.html]
[op9.baminssa.com/board/category/reviewb696.html]
[op9.baminssa.com/board/category/review7865.html]
[op9.baminssa.com/board/category/reviewd3b4.html]
[op9.baminssa.com/board/category/reviewcc60.html]
[op9.baminssa.com/board/category/reviewcd78.html]
[op9.baminssa.com/board/category/review6a68.html]
[op9.baminssa.com/board/category/review9bc5.html]
[op9.baminssa.com/board/category/reviewdc49.html]
[op9.baminssa.com/board/category/review64bc.html]
[op9.baminssa.com/board/category/reviewc8bb.html]
[op9.baminssa.com/board/category/review7e8e.html]
[op9.baminssa.com/board/category/review3c7c.html]
[op9.baminssa.com/board/category/reviewf0c8.html]
[op9.baminssa.com/board/category/review994b.html]
[op9.baminssa.com/board/category/reviewd9e6.html]
[op9.baminssa.com/board/category/review4ad4.html]
[op9.baminssa.com/board/category/review8514.html]
[op9.baminssa.com/board/category/reviewf29b.html]
[op9.baminssa.com/board/category/reviewc4e1.html]
[op9.baminssa.com/board/category/review3bc0.html]
[op9.baminssa.com/board/category/reviewc314.html]
[op9.baminssa.com/board/category/reviewf095.html]
[op9.baminssa.com/board/category/reviewd17d.html]
[op9.baminssa.com/board/category/review08ca.html]
[op9.baminssa.com/board/category/review33b8.html]
[op9.baminssa.com/board/category/review65dc.html]
[op9.baminssa.com/board/category/reviewf76b.html]
[op9.baminssa.com/board/category/reviewe4c4.html]
[op9.baminssa.com/board/category/review07ed.html]
[op9.baminssa.com/board/category/review806e.html]
[op9.baminssa.com/board/category/review4874.html]
[op9.baminssa.com/board/category/review3a59.html]
[op9.baminssa.com/board/category/reviewa417.html]
[op9.baminssa.com/board/category/review6cca.html]
[op9.baminssa.com/board/category/review4fdb.html]
[op9.baminssa.com/board/category/review3775.html]
[op9.baminssa.com/board/category/review0f8c.html]
[op9.baminssa.com/board/category/review12ce.html]
[op9.baminssa.com/board/category/review0983.html]
[op9.baminssa.com/board/category/review0998.html]
[op9.baminssa.com/board/category/review71ee.html]
[op9.baminssa.com/board/category/reviewb26e.html]
[op9.baminssa.com/board/category/review08bb.html]
[op9.baminssa.com/board/category/review580d.html]
[op9.baminssa.com/board/category/review7a1f.html]
[op9.baminssa.com/board/category/reviewf518.html]
[op9.baminssa.com/board/category/review013a.html]
[op9.baminssa.com/board/category/review0490.html]
[op9.baminssa.com/board/category/review8796.html]
[op9.baminssa.com/board/category/reviewb1e0.html]
[op9.baminssa.com/board/category/review231d.html]
[op9.baminssa.com/board/category/review79bc.html]
[op9.baminssa.com/board/category/reviewc150.html]
[op9.baminssa.com/board/category/reviewe3b2.html]
[op9.baminssa.com/board/category/review3d5f.html]
[op9.baminssa.com/board/category/reviewc12b.html]
[op9.baminssa.com/board/category/reviewc18d.html]
[op9.baminssa.com/board/category/reviewb5eb.html]
[op9.baminssa.com/board/category/review13a4.html]
[op9.baminssa.com/board/category/reviewacfc.html]
[op9.baminssa.com/board/category/reviewe661.html]
[op9.baminssa.com/board/category/reviewd4bd.html]
[op9.baminssa.com/board/category/review7072.html]
[op9.baminssa.com/board/category/review515c.html]
[op9.baminssa.com/board/category/review388b.html]
[op9.baminssa.com/board/category/review7569.html]
[op9.baminssa.com/board/category/review0489.html]
[op9.baminssa.com/board/category/review16d0.html]
[op9.baminssa.com/board/category/review46a6.html]
[op9.baminssa.com/board/category/review5707.html]
[op9.baminssa.com/board/category/reviewc4c1.html]
[op9.baminssa.com/board/category/review3fb3.html]
[op9.baminssa.com/board/category/reviewd52f.html]
[op9.baminssa.com/board/category/review9bf4.html]
[op9.baminssa.com/board/category/review9664.html]
[op9.baminssa.com/board/category/review7a1a.html]
[op9.baminssa.com/board/category/review7b96.html]
[op9.baminssa.com/board/category/review5352.html]
[op9.baminssa.com/board/category/review1126.html]
[op9.baminssa.com/board/category/reviewcd78-2.html]
[op9.baminssa.com/board/category/review244b.html]
[op9.baminssa.com/board/category/reviewa9d7.html]
[op9.baminssa.com/board/category/review8461.html]
[op9.baminssa.com/board/category/review9ece.html]
[op9.baminssa.com/board/category/review180b.html]
[op9.baminssa.com/board/category/reviewa464.html]
[op9.baminssa.com/board/category/reviewcc7c.html]
[op9.baminssa.com/board/category/reviewdafa.html]
[op9.baminssa.com/board/category/reviewf85a.html]
[op9.baminssa.com/board/category/review35ef.html]
[op9.baminssa.com/board/category/review4e8f.html]
[op9.baminssa.com/board/category/review68cc.html]
[op9.baminssa.com/board/category/review00fb.html]
[op9.baminssa.com/board/category/greet.html]
[op9.baminssa.com/board/category/secrettalk.html]
[op9.baminssa.com/board/category/free.html]
[op9.baminssa.com/board/category/sila.html]
[op9.baminssa.com/board/category/freetalk.html]
[op9.baminssa.com/board/category/notice.html]
[op9.baminssa.com/board/category/pointevent.html]
[op9.baminssa.com/storage/thumbnail/202211/n7Y9wJzoPCwccee4UqiAGLG57A2s6T.webp]
[op9.baminssa.com/storage/thumbnail/202112/2LIOMLlw7mG9PpQan2dyt5Alvmat1M.webp]
[op9.baminssa.com/storage/thumbnail/202205/X4cyucPtrEMlg5AvJmjALauAOaIxj2.webp]
[op9.baminssa.com/storage/thumbnail/202301/8lYUBxWzzLrFSPvosvfxDoBuNqqDAL.webp]
[op9.baminssa.com/storage/thumbnail/202111/WLI1plnWDATDbLSZE9TjhsOC9h5jA9.webp]
[op9.baminssa.com/store/category/op/indexa482.html]
[op9.baminssa.com/storage/thumbnail/202206/fPi4Wh8nYiooqngB3mHb67sVXZZbRn.webp]
[op9.baminssa.com/board/category/review.html]
[waust.at/s.js]
[op9.baminssa.com/index.html]
[op9.baminssa.com/project/bs/images/favicon3860.html]
[op9.baminssa.com/project/bs/images/favicon3860-2.html]
[cdnjs.cloudflare.com/ajax/libs/font-awesome/5.15.2/css/all.min.css]
[op9.baminssa.com/css/global5de1.css]
[op9.baminssa.com/store/category/tel/indexa482.html]
[op9.baminssa.com/store/category/gunma/indexa482.html]
[op9.baminssa.com/project/bs/css/app3bf3.css]
[op9.baminssa.com/store/category/bar/indexa482.html]
[op9.baminssa.com/images/user_grade01.png]
[op9.baminssa.com/project/bs/css/service3bf3.css]
[op9.baminssa.com/store/category/masa/indexa482.html]
[op9.baminssa.com/store/category/etc/indexa482.html]
[op9.baminssa.com/board/category/pointevent/indexc17d.html]
[op9.baminssa.com/board/category/pointevent/index1355.html]
[op9.baminssa.com/board/category/pointevent/indexa5a8.html]
[op9.baminssa.com/board/category/pointevent/index20bf.html]
[op9.baminssa.com/board/category/pointevent/indexfc46.html]
[op9.baminssa.com/auth/login.html]
[op9.baminssa.com/auth/register/user.html]
[op9.baminssa.com/auth/register.html]
[op9.baminssa.com/auth/register/store.html]
[op9.baminssa.com/store/category/op.html]
[op9.baminssa.com/storage/thumbnail/202210/MiLRx1XoVYXRkaKpJ8Ew05qPMl4fpb.webp]
[op9.baminssa.com/storage/thumbnail/202302/Rf5zDpSToldhrWWp5nes0mUIwxmjSu.webp]
[op9.baminssa.com/storage/thumbnail/202203/emLyn7Ie0kV8Midbi5UMIiqoSH32CJ.webp]
[op9.baminssa.com/storage/thumbnail/202204/2THpobFWR2QHoji90gZSjOKYIDWGf0.webp]
[op9.baminssa.com/project/bs/images/store/icon_top_fixed.gif]
[op9.baminssa.com/store/category/op7610.html]
[op9.baminssa.com/store/category/op83d3.html]
[op9.baminssa.com/store/category/op8498.html]
[op9.baminssa.com/store/category/op1b1b.html]
[op9.baminssa.com/store/category/op7ecc.html]
[op9.baminssa.com/store/category/ope387.html]
[op9.baminssa.com/store/category/op5301.html]
[op9.baminssa.com/store/category/opaf2f.html]
[op9.baminssa.com/store/category/ope4cf.html]
[op9.baminssa.com/store/category/op7419.html]
[op9.baminssa.com/store/category/op892b.html]
[op9.baminssa.com/store/category/opa751.html]
[op9.baminssa.com/storage/thumbnail/202301/c3nGxgl8ozwx7Vzr1POOeowY01WsXy.webp]
[op9.baminssa.com/store/category/opfba4.html]
[op9.baminssa.com/store/category/opccba.html]
[op9.baminssa.com/storage/org/202203/MeDrsOQtxyHodwVVBu6dM4VDbhQk6W.gif]
[op9.baminssa.com/store/category/op9f22.html]
[op9.baminssa.com/store/category/op2175.html]
[op9.baminssa.com/storage/thumbnail/202211/PSogdBtiZg5VsPXJPo7gEzNWvdu0BZ.webp]
[op9.baminssa.com/store/category/opdde6.html]
[op9.baminssa.com/storage/thumbnail/202302/ROtGr251ChtJQIr33YdKY56bMpn1yG.webp]
[op9.baminssa.com/store/category/op048d.html]
[op9.baminssa.com/store/category/opc2f8.html]
[op9.baminssa.com/store/category/op0af9.html]
[op9.baminssa.com/store/category/op03ad.html]
[op9.baminssa.com/store/category/op876d.html]
[op9.baminssa.com/store/category/op8698.html]
[op9.baminssa.com/store/category/op8bc1.html]
[op9.baminssa.com/store/category/op3e38.html]
